Using an existing study with name 'cartographer_tuning' instead of creating a new one.
[1748364804.098975897] Start trial 5
Trial 5 failed with parameters: {'num_accumulated_range_data': 8.61612907843589, 'ceres_translation_weight': 20, 'ceres_rotation_weight': 29, 'submaps_high_resolution_max_range': 128.5351005625095} because of the following error: KeyboardInterrupt().
Traceback (most recent call last):
  File "/home/arijan/anaconda3/envs/optuna_master/lib/python3.10/site-packages/optuna/study/_optimize.py", line 197, in _run_trial
    value_or_values = func(trial)
  File "/home/arijan/Documents/Diplomski_rad/automatic_tuning/scripts/automatic_tuning/automatic_tuning.py", line 29, in objective
    return self.run(trial)
  File "/home/arijan/Documents/Diplomski_rad/automatic_tuning/scripts/automatic_tuning/optimize_cartographer.py", line 71, in run
    return 10
  File "/home/arijan/Documents/Diplomski_rad/automatic_tuning/scripts/automatic_tuning/optimize_cartographer.py", line 71, in run
    return 10
  File "_pydevd_bundle\\pydevd_cython.pyx", line 1697, in _pydevd_bundle.pydevd_cython.SafeCallWrapper.__call__
  File "_pydevd_bundle\\pydevd_cython.pyx", line 634, in _pydevd_bundle.pydevd_cython.PyDBFrame.trace_dispatch
  File "_pydevd_bundle\\pydevd_cython.pyx", line 1112, in _pydevd_bundle.pydevd_cython.PyDBFrame.trace_dispatch
  File "_pydevd_bundle\\pydevd_cython.pyx", line 1090, in _pydevd_bundle.pydevd_cython.PyDBFrame.trace_dispatch
  File "_pydevd_bundle\\pydevd_cython.pyx", line 494, in _pydevd_bundle.pydevd_cython.PyDBFrame.do_wait_suspend
  File "/home/arijan/.vscode/extensions/ms-python.debugpy-2025.8.0-linux-x64/bundled/libs/debugpy/_vendored/pydevd/pydevd.py", line 2188, in do_wait_suspend
    keep_suspended = self._do_wait_suspend(thread, frame, event, arg, trace_suspend_type, from_this_thread, frames_tracker)
  File "/home/arijan/.vscode/extensions/ms-python.debugpy-2025.8.0-linux-x64/bundled/libs/debugpy/_vendored/pydevd/pydevd.py", line 2257, in _do_wait_suspend
    notify_event.wait(wait_timeout)
  File "/home/arijan/anaconda3/envs/optuna_master/lib/python3.10/threading.py", line 607, in wait
    signaled = self._cond.wait(timeout)
  File "/home/arijan/anaconda3/envs/optuna_master/lib/python3.10/threading.py", line 324, in wait
    gotit = waiter.acquire(True, timeout)
KeyboardInterrupt
Trial 5 failed with value None.
